OK   models/parakeet-ctc-0.6b/parakeet-ctc-0.6b-F16.gguf
  text: and so my fellow americans ask not what your country can do for you ask what you can do for your country
OK   models/parakeet-ctc-0.6b/parakeet-ctc-0.6b-F32.gguf
  text: and so my fellow americans ask not what your country can do for you ask what you can do for your country
OK   models/parakeet-ctc-0.6b/parakeet-ctc-0.6b-Q4_K_M.gguf
  text: and so my fellow americans ask not what your country can do for you ask what you can do for your country
OK   models/parakeet-ctc-0.6b/parakeet-ctc-0.6b-Q5_K_M.gguf
  text: and so my fellow americans ask not what your country can do for you ask what you can do for your country
OK   models/parakeet-ctc-0.6b/parakeet-ctc-0.6b-Q6_K.gguf
  text: and so my fellow americans ask not what your country can do for you ask what you can do for your country
OK   models/parakeet-ctc-0.6b/parakeet-ctc-0.6b-Q8_0.gguf
  text: and so my fellow americans ask not what your country can do for you ask what you can do for your country
OK   models/parakeet-ctc-1.1b/parakeet-ctc-1.1b-F16.gguf
  text: and so my fellow americans ask not what your country can do for you ask what you can do for your country
OK   models/parakeet-ctc-1.1b/parakeet-ctc-1.1b-F32.gguf
  text: and so my fellow americans ask not what your country can do for you ask what you can do for your country
OK   models/parakeet-ctc-1.1b/parakeet-ctc-1.1b-Q4_K_M.gguf
  text: and so my fellow americans ask not what your country can do for you ask what you can do for your country
OK   models/parakeet-ctc-1.1b/parakeet-ctc-1.1b-Q5_K_M.gguf
  text: and so my fellow americans ask not what your country can do for you ask what you can do for your country
OK   models/parakeet-ctc-1.1b/parakeet-ctc-1.1b-Q6_K.gguf
  text: and so my fellow americans ask not what your country can do for you ask what you can do for your country
OK   models/parakeet-ctc-1.1b/parakeet-ctc-1.1b-Q8_0.gguf
  text: and so my fellow americans ask not what your country can do for you ask what you can do for your country
OK   models/parakeet-rnnt-0.6b/parakeet-rnnt-0.6b-F16.gguf
  text: and so my fellow americans ask not what your country can do for you ask what you can do for your country
OK   models/parakeet-rnnt-0.6b/parakeet-rnnt-0.6b-F32.gguf
  text: and so my fellow americans ask not what your country can do for you ask what you can do for your country
OK   models/parakeet-rnnt-0.6b/parakeet-rnnt-0.6b-Q4_K_M.gguf
  text: and so my fellow americans ask not what your country can do for you ask what you can do for your country
OK   models/parakeet-rnnt-0.6b/parakeet-rnnt-0.6b-Q5_K_M.gguf
  text: and so my fellow americans ask not what your country can do for you ask what you can do for your country
OK   models/parakeet-rnnt-0.6b/parakeet-rnnt-0.6b-Q6_K.gguf
  text: and so my fellow americans ask not what your country can do for you ask what you can do for your country
OK   models/parakeet-rnnt-0.6b/parakeet-rnnt-0.6b-Q8_0.gguf
  text: and so my fellow americans ask not what your country can do for you ask what you can do for your country
OK   models/parakeet-rnnt-1.1b/parakeet-rnnt-1.1b-F16.gguf
  text: and so my fellow americans ask not what your country can do for you ask what you can do for your country
OK   models/parakeet-rnnt-1.1b/parakeet-rnnt-1.1b-F32.gguf
  text: and so my fellow americans ask not what your country can do for you ask what you can do for your country
OK   models/parakeet-rnnt-1.1b/parakeet-rnnt-1.1b-Q4_K_M.gguf
  text: and so my fellow americans ask not what your country can do for you ask what you can do for your country
OK   models/parakeet-rnnt-1.1b/parakeet-rnnt-1.1b-Q5_K_M.gguf
  text: and so my fellow americans ask not what your country can do for you ask what you can do for your country
OK   models/parakeet-rnnt-1.1b/parakeet-rnnt-1.1b-Q6_K.gguf
  text: and so my fellow americans ask not what your country can do for you ask what you can do for your country
OK   models/parakeet-rnnt-1.1b/parakeet-rnnt-1.1b-Q8_0.gguf
  text: and so my fellow americans ask not what your country can do for you ask what you can do for your country
OK   models/parakeet-tdt_ctc-1.1b/parakeet-tdt_ctc-1.1b-F16.gguf
  text: And so my fellow Americans, ask not what your country can do for you, ask what you can do for your country.
OK   models/parakeet-tdt_ctc-1.1b/parakeet-tdt_ctc-1.1b-F32.gguf
  text: And so my fellow Americans, ask not what your country can do for you, ask what you can do for your country.
OK   models/parakeet-tdt_ctc-1.1b/parakeet-tdt_ctc-1.1b-Q4_K_M.gguf
  text: And so my fellow Americans, ask not what your country can do for you, ask what you can do for your country.
OK   models/parakeet-tdt_ctc-1.1b/parakeet-tdt_ctc-1.1b-Q5_K_M.gguf
  text: And so my fellow Americans, ask not what your country can do for you, ask what you can do for your country.
OK   models/parakeet-tdt_ctc-1.1b/parakeet-tdt_ctc-1.1b-Q6_K.gguf
  text: And so my fellow Americans, ask not what your country can do for you, ask what you can do for your country.
OK   models/parakeet-tdt_ctc-1.1b/parakeet-tdt_ctc-1.1b-Q8_0.gguf
  text: And so my fellow Americans, ask not what your country can do for you, ask what you can do for your country.
OK   models/parakeet-tdt_ctc-110m/parakeet-tdt_ctc-110m-F16.gguf
  text: And so my fellow Americans, ask not what your country can do for you. Ask what you can do for your country.
OK   models/parakeet-tdt_ctc-110m/parakeet-tdt_ctc-110m-F32.gguf
  text: And so my fellow Americans, ask not what your country can do for you. Ask what you can do for your country.
OK   models/parakeet-tdt_ctc-110m/parakeet-tdt_ctc-110m-Q4_K_M.gguf
  text: And so my fellow Americans, ask not what your country can do for you. Ask what you can do for your country.
OK   models/parakeet-tdt_ctc-110m/parakeet-tdt_ctc-110m-Q5_K_M.gguf
  text: And so my fellow Americans, ask not what your country can do for you. Ask what you can do for your country.
OK   models/parakeet-tdt_ctc-110m/parakeet-tdt_ctc-110m-Q6_K.gguf
  text: And so my fellow Americans, ask not what your country can do for you. Ask what you can do for your country.
OK   models/parakeet-tdt_ctc-110m/parakeet-tdt_ctc-110m-Q8_0.gguf
  text: And so my fellow Americans, ask not what your country can do for you. Ask what you can do for your country.
OK   models/parakeet-tdt-0.6b-v2/parakeet-tdt-0.6b-v2-F16.gguf
  text: And so, my fellow Americans, ask not what your country can do for you, ask what you can do for your country.
OK   models/parakeet-tdt-0.6b-v2/parakeet-tdt-0.6b-v2-F32.gguf
  text: And so, my fellow Americans, ask not what your country can do for you, ask what you can do for your country.
OK   models/parakeet-tdt-0.6b-v2/parakeet-tdt-0.6b-v2-Q4_K_M.gguf
  text: And so, my fellow Americans, ask not what your country can do for you, ask what you can do for your country.
OK   models/parakeet-tdt-0.6b-v2/parakeet-tdt-0.6b-v2-Q5_K_M.gguf
  text: And so, my fellow Americans, ask not what your country can do for you, ask what you can do for your country.
OK   models/parakeet-tdt-0.6b-v2/parakeet-tdt-0.6b-v2-Q6_K.gguf
  text: And so, my fellow Americans, ask not what your country can do for you, ask what you can do for your country.
OK   models/parakeet-tdt-0.6b-v2/parakeet-tdt-0.6b-v2-Q8_0.gguf
  text: And so, my fellow Americans, ask not what your country can do for you, ask what you can do for your country.
OK   models/parakeet-tdt-0.6b-v3/parakeet-tdt-0.6b-v3-F16.gguf
  text: And so, my fellow Americans, ask not what your country can do for you, ask what you can do for your country.
OK   models/parakeet-tdt-0.6b-v3/parakeet-tdt-0.6b-v3-F32.gguf
  text: And so, my fellow Americans, ask not what your country can do for you, ask what you can do for your country.
OK   models/parakeet-tdt-0.6b-v3/parakeet-tdt-0.6b-v3-Q4_K_M.gguf
  text: And so, my fellow Americans, ask not what your country can do for you, ask what you can do for your country.
OK   models/parakeet-tdt-0.6b-v3/parakeet-tdt-0.6b-v3-Q5_K_M.gguf
  text: And so, my fellow Americans, ask not what your country can do for you, ask what you can do for your country.
OK   models/parakeet-tdt-0.6b-v3/parakeet-tdt-0.6b-v3-Q6_K.gguf
  text: And so, my fellow Americans, ask not what your country can do for you, ask what you can do for your country.
OK   models/parakeet-tdt-0.6b-v3/parakeet-tdt-0.6b-v3-Q8_0.gguf
  text: And so, my fellow Americans, ask not what your country can do for you, ask what you can do for your country.
OK   models/parakeet-tdt-1.1b/parakeet-tdt-1.1b-F16.gguf
  text: and so my fellow americans ask not what your country can do for you ask what you can do for your country
OK   models/parakeet-tdt-1.1b/parakeet-tdt-1.1b-F32.gguf
  text: and so my fellow americans ask not what your country can do for you ask what you can do for your country
OK   models/parakeet-tdt-1.1b/parakeet-tdt-1.1b-Q4_K_M.gguf
  text: and so my fellow americans ask not what your country can do for you ask what you can do for your country
OK   models/parakeet-tdt-1.1b/parakeet-tdt-1.1b-Q5_K_M.gguf
  text: and so my fellow americans ask not what your country can do for you ask what you can do for your country
OK   models/parakeet-tdt-1.1b/parakeet-tdt-1.1b-Q6_K.gguf
  text: and so my fellow americans ask not what your country can do for you ask what you can do for your country
OK   models/parakeet-tdt-1.1b/parakeet-tdt-1.1b-Q8_0.gguf
  text: and so my fellow americans ask not what your country can do for you ask what you can do for your country
OK   models/parakeet-unified-en-0.6b/parakeet-unified-en-0.6b-F16.gguf
  text: And so, my fellow Americans, ask not what your country can do for you. Ask what you can do for your country.
OK   models/parakeet-unified-en-0.6b/parakeet-unified-en-0.6b-F32.gguf
  text: And so, my fellow Americans, ask not what your country can do for you. Ask what you can do for your country.
OK   models/parakeet-unified-en-0.6b/parakeet-unified-en-0.6b-Q4_K_M.gguf
  text: And so, my fellow Americans, ask not what your country can do for you. Ask what you can do for your country.
OK   models/parakeet-unified-en-0.6b/parakeet-unified-en-0.6b-Q5_K_M.gguf
  text: And so, my fellow Americans, ask not what your country can do for you. Ask what you can do for your country.
OK   models/parakeet-unified-en-0.6b/parakeet-unified-en-0.6b-Q6_K.gguf
  text: And so, my fellow Americans, ask not what your country can do for you. Ask what you can do for your country.
OK   models/parakeet-unified-en-0.6b/parakeet-unified-en-0.6b-Q8_0.gguf
  text: And so, my fellow Americans, ask not what your country can do for you. Ask what you can do for your country.
ALL SMOKE DONE
